mad
ig
pc
$
Car
donkey roll
$$
$$$
donkey
donley
glad
happy
sad
$$$$
$$$$$
CAR
car
fad
jk
juice
money
swag
