Monkey
Monkey
Monkey
Monkey
Monkey
Monkey
Monkey
Monkey
Monkey
Monkey
Monkey
Monkey
Monkey
Monkey
Monkey
Monkey
Monkey
Monkey
Monkey
Monkey
Monkey
Monkey
Monkey
Monkey
Monkey
Monkey
Monkey
Monkey
Monkey
Monkey
Monkey
Monkey
Monkey
Monkey
Monkey
Monkey
Monkey
Monkey
Monkey
Monkey
Monkey
Monkey
Monkey
Monkey
Monkey
Monkey
Monkey
Monkey
Monkey
Monkey
Monkey
Monkey
Monkey
Monkey
Monkey
Monkey
Monkey
Monkey
Monkey
Monkey
Monkey
Monkey
Monkey
Monkey
Monkey
Monkey
Monkey
Monkey
Monkey
Monkey
Monkey
Monkey
Monkey
Monkey
Monkey
Monkey
Monkey
Monkey
Monkey
Monkey
Monkey
Monkey
Monkey
Monkey
Monkey
Monkey
Monkey
Monkey
Monkey
Monkey
Monkey
Monkey
Monkey
Monkey
Monkey
Monkey
Monkey
Monkey
Monkey
Monkey
Monkey
Monkey
Monkey
Monkey
Monkey
Monkey
Monkey
Monkey
Monkey
Monkey
Monkey
Monkey
Monkey
Monkey
Monkey
Monkey
Monkey
Monkey
Monkey
Monkey
Monkey
Monkey
Monkey
Monkey
Monkey
Monkey
Monkey
Monkey
Monkey
Monkey
Monkey
Monkey
Monkey
Monkey
Monkey
Monkey
Monkey
Monkey
Monkey
Monkey
Monkey
Monkey
Monkey
Monkey
Monkey
Monkey
Monkey
Monkey
Monkey
Monkey
Monkey
Monkey
Monkey
Monkey
Monkey
Monkey
Monkey
Monkey
Monkey
Monkey
Monkey
Monkey
Monkey
Monkey
Monkey
Monkey
Monkey
Monkey
Monkey
Monkey
Monkey
Monkey
Monkey
Monkey
Monkey
Monkey
Monkey
Monkey
Monkey
Monkey
Monkey
Monkey
Monkey
Monkey
Monkey
Monkey
Monkey
Monkey
Monkey
Monkey
Monkey
Monkey
Monkey
Monkey
Monkey
Monkey
Monkey
Monkey
Monkey
Monkey
Monkey
Monkey
Monkey
Monkey
Monkey
Monkey
Monkey
Monkey
Monkey
Monkey
Monkey
Monkey
Monkey
Monkey
Monkey
Monkey
Monkey
Monkey
Monkey
Monkey
Monkey
Monkey
Monkey
Monkey
Monkey
Monkey
Monkey
Monkey
Monkey
Monkey
Monkey
Monkey
Monkey
Monkey
Monkey
Monkey
Monkey
Monkey
Monkey
Monkey
Monkey
Monkey
Monkey
Monkey
Monkey
Monkey
Monkey
Monkey
Monkey
Monkey
Monkey
Monkey
Monkey
Monkey
Monkey
Monkey
Monkey
Monkey
Monkey
Monkey
Monkey
Monkey
Monkey
Monkey
Monkey
Monkey
Monkey
Monkey
Monkey
Monkey
Monkey
Monkey
Monkey
Monkey
Monkey
Cantalope
Cantalope
Cantalope
Cantalope
Cantalope
Cantalope
Cantalope
Cantalope
Cantalope
Cantalope
Cantalope
Cantalope
Cantalope
Cantalope
Cantalope
Cantalope
Cantalope
Cantalope
Cantalope
Cantalope
Cantalope
Cantalope
Cantalope
Cantalope
Cantalope
Cantalope
Cantalope
Cantalope
Cantalope
Cantalope
Cantalope
Cantalope
Cantalope
Cantalope
Cantalope
Cantalope
Cantalope
Cantalope
Cantalope
Cantalope
Cantalope
Cantalope
Cantalope
Cantalope
Cantalope
Cantalope
Cantalope
Cantalope
Cantalope
Cantalope
Cantalope
Cantalope
Cantalope
Cantalope
Cantalope
Cantalope
Cantalope
Cantalope
Cantalope
Cantalope
Cantalope
Cantalope
Cantalope
Cantalope
Cantalope
Cantalope
Cantalope
Cantalope
Cantalope
Cantalope
Cantalope
Cantalope
Cantalope
Cantalope
Cantalope
Cantalope
Cantalope
Cantalope
Cantalope
Cantalope
Cantalope
Cantalope
Cantalope
Cantalope
Cantalope
Cantalope
Cantalope
Cantalope
Cantalope
Cantalope
Cantalope
Cantalope
Cantalope
Cantalope
Cantalope
Cantalope
Cantalope
Cantalope
Cantalope
Cantalope
Cantalope
Cantalope
Cantalope
Cantalope
Cantalope
Cantalope
Cantalope
Cantalope
Cantalope
Cantalope
Cantalope
Cantalope
Cantalope
Cantalope
Cantalope
Cantalope
Cantalope
Cantalope
Cantalope
Cantalope
Cantalope
Cantalope
Cantalope
Cantalope
Cantalope
Cantalope
Cantalope
Cantalope
Cantalope
Cantalope
Cantalope
Cantalope
Cantalope
Cantalope
Cantalope
Cantalope
Cantalope
Cantalope
Cantalope
Cantalope
Cantalope
Cantalope
Cantalope
Cantalope
Cantalope
Cantalope
Cantalope
Cantalope
Cantalope
Cantalope
Cantalope
Cantalope
Cantalope
Cantalope
Cantalope
Cantalope
Cantalope
Cantalope
Cantalope
Cantalope
Cantalope
Cantalope
Cantalope
Cantalope
Cantalope
Cantalope
Cantalope
Cantalope
Cantalope
Cantalope
Cantalope
Cantalope
Cantalope
Cantalope
Cantalope
Cantalope
Cantalope
Cantalope
Cantalope
Cantalope
Cantalope
Cantalope
Cantalope
Cantalope
Cantalope
Cantalope
Cantalope
Cantalope
Cantalope
Cantalope
Cantalope
Cantalope
Cantalope
Cantalope
Cantalope
Cantalope
Cantalope
Cantalope
Cantalope
Cantalope
Cantalope
Cantalope
Cantalope
Cantalope
Cantalope
Cantalope
Cantalope
Cantalope
Cantalope
Cantalope
Cantalope
Cantalope
Cantalope
Cantalope
Cantalope
Cantalope
Cantalope
Cantalope
Cantalope
Cantalope
Cantalope
Cantalope
Cantalope
Cantalope
Cantalope
Cantalope
Cantalope
Cantalope
Cantalope
Cantalope
Cantalope
Cantalope
Cantalope
Cantalope
Cantalope
Cantalope
Cantalope
Cantalope
Cantalope
Cantalope
Cantalope
Cantalope
Cantalope
Cantalope
Cantalope
Cantalope
Cantalope
Cantalope
Cantalope
Cantalope
Cantalope
Cantalope
Cantalope
Cantalope
Cantalope
Cantalope
Cantalope
Cantalope
Cantalope
Cantalope
Cantalope
Cantalope
Cantalope
Cantalope
Cantalope
Cantalope
Cantalope
Cantalope
Cantalope
Cantalope
Cantalope
Cantalope
Cantalope
Cantalope
Cantalope
Jaguar
Jaguar
Jaguar
Jaguar
Jaguar
Jaguar
Jaguar
Jaguar
Jaguar
Jaguar
Jaguar
Jaguar
Jaguar
Jaguar
Jaguar
Jaguar
Jaguar
Jaguar
Jaguar
Jaguar
Jaguar
Jaguar
Jaguar
Jaguar
Jaguar
Jaguar
Jaguar
Jaguar
Jaguar
Jaguar
Jaguar
Jaguar
Jaguar
Jaguar
Jaguar
Jaguar
Jaguar
Jaguar
Jaguar
Jaguar
Jaguar
Jaguar
Jaguar
Jaguar
Jaguar
Jaguar
Jaguar
Jaguar
Jaguar
Jaguar
Jaguar
Jaguar
Jaguar
Jaguar
Jaguar
Jaguar
Jaguar
Jaguar
Jaguar
Jaguar
Jaguar
Jaguar
Jaguar
Jaguar
Jaguar
Jaguar
Jaguar
Jaguar
Jaguar
Jaguar
Jaguar
Jaguar
Jaguar
Jaguar
Jaguar
Jaguar
Jaguar
Jaguar
Jaguar
Jaguar
Jaguar
Jaguar
Jaguar
Jaguar
Jaguar
Jaguar
Jaguar
Jaguar
Jaguar
Jaguar
Jaguar
Jaguar
Jaguar
Jaguar
Jaguar
Jaguar
Jaguar
Jaguar
Jaguar
Jaguar
Jaguar
Jaguar
Jaguar
Jaguar
Jaguar
Jaguar
Jaguar
Jaguar
Jaguar
Jaguar
Jaguar
Jaguar
Jaguar
Jaguar
Jaguar
Jaguar
Jaguar
Jaguar
Jaguar
Jaguar
Jaguar
Jaguar
Jaguar
Jaguar
Jaguar
Jaguar
Jaguar
Jaguar
Jaguar
Jaguar
Jaguar
Jaguar
Jaguar
Jaguar
Jaguar
Jaguar
Jaguar
Jaguar
Jaguar
Jaguar
Jaguar
Jaguar
Jaguar
Jaguar
Jaguar
Jaguar
Jaguar
Jaguar
Jaguar
Jaguar
Jaguar
Jaguar
Jaguar
Jaguar
Jaguar
Jaguar
Jaguar
Jaguar
Jaguar
Jaguar
Jaguar
Jaguar
Jaguar
Jaguar
Jaguar
Jaguar
Jaguar
Jaguar
Jaguar
Jaguar
Jaguar
Jaguar
Jaguar
Jaguar
Jaguar
Jaguar
Jaguar
Jaguar
Jaguar
Jaguar
Jaguar
Jaguar
Jaguar
Jaguar
Jaguar
Jaguar
Jaguar
Jaguar
Jaguar
Jaguar
Jaguar
Jaguar
Jaguar
Jaguar
Jaguar
Jaguar
Jaguar
Jaguar
Jaguar
Jaguar
Jaguar
Jaguar
Jaguar
Jaguar
Jaguar
Jaguar
Jaguar
Jaguar
Jaguar
Jaguar
Jaguar
Jaguar
Jaguar
Jaguar
Jaguar
Jaguar
Jaguar
Jaguar
Jaguar
Jaguar
Jaguar
Jaguar
Jaguar
Jaguar
Jaguar
Jaguar
Jaguar
Jaguar
Jaguar
Jaguar
Jaguar
Jaguar
Jaguar
Jaguar
Jaguar
Jaguar
Jaguar
Jaguar
Jaguar
Jaguar
Jaguar
Jaguar
Jaguar
Jaguar
Jaguar
Jaguar
Jaguar
Jaguar
Jaguar
Jaguar
Jaguar
Jaguar
Jaguar
Jaguar
Jaguar
Jaguar
Jaguar
Jaguar
Jaguar
Jaguar
Jaguar
Jaguar
Jaguar
Jaguar
Jaguar
Jaguar
Jaguar
Jaguar
Jaguar
Jaguar
Jaguar
Jaguar
Jaguar
Jaguar
Jaguar
