ZPlLu9bW4N
NBGnHwuVKP
C1EIVVINmD
6eehM6Ku7F
g6lnU003Ct
FskZnqyAU4
lgYDRC5xBk
F0WcsbIbLF
eCwbmALJNv
YNzy8eJAGT
fDOdFQW9J8
EsbsXpjNMP
HtRtiG47VH

inVUUX52WP
yjgTR2EGYi
5bQ2xEZkmk
qeXI2VRRDU
