zLDXVcWcxC
z6CT7MZZMV
wdFZZdWOU6
loteaIOSei
NCOpomcieZ
