help
helpful
helpfulness
helpfulnessity
HELP
HeLp
cheese
Che
kill
killabir
bir
KillA
